// Jest Snapshot v1, https://goo.gl/fbAQLP

exports[`Counter block is inserted into the Editor 1`] = `
"<!-- wp:planet4-blocks/counter -->
<div class=\\"wp-block-planet4-blocks-counter\\" data-render=\\"planet4-blocks/counter\\" data-attributes=\\"{&quot;attributes&quot;:{&quot;title&quot;:&quot;&quot;,&quot;description&quot;:&quot;&quot;,&quot;completed&quot;:&quot;&quot;,&quot;completed_api&quot;:&quot;&quot;,&quot;target&quot;:&quot;&quot;,&quot;text&quot;:&quot;&quot;,&quot;style&quot;:&quot;&quot;},&quot;innerBlocks&quot;:[]}\\"></div>
<!-- /wp:planet4-blocks/counter -->"
`;

exports[`Counter block with API input 1`] = `
"<!-- wp:planet4-blocks/counter {\\"title\\":\\"Counter with API input\\",\\"description\\":\\"Test description\\",\\"completed_api\\":\\"https://global-petition-counter.appspot.com/counter/palmoil\\",\\"target\\":5000000,\\"text\\":\\"%completed% out of %target%, %remaining% remaining\\",\\"className\\":\\"is-style-arc\\"} -->
<div class=\\"wp-block-planet4-blocks-counter is-style-arc\\" data-render=\\"planet4-blocks/counter\\" data-attributes=\\"{&quot;attributes&quot;:{&quot;title&quot;:&quot;Counter with API input&quot;,&quot;description&quot;:&quot;Test description&quot;,&quot;completed&quot;:&quot;&quot;,&quot;completed_api&quot;:&quot;https://global-petition-counter.appspot.com/counter/palmoil&quot;,&quot;target&quot;:5000000,&quot;text&quot;:&quot;%completed% out of %target%, %remaining% remaining&quot;,&quot;style&quot;:&quot;&quot;,&quot;className&quot;:&quot;is-style-arc&quot;},&quot;innerBlocks&quot;:[]}\\"></div>
<!-- /wp:planet4-blocks/counter -->"
`;

exports[`Counter block with Progress Bar 1`] = `
"<!-- wp:planet4-blocks/counter {\\"title\\":\\"Progress Bar counter block\\",\\"description\\":\\"Test description\\",\\"completed\\":70,\\"target\\":100,\\"text\\":\\"%completed% out of %target%, %remaining% remaining\\",\\"className\\":\\"is-style-bar\\"} -->
<div class=\\"wp-block-planet4-blocks-counter is-style-bar\\" data-render=\\"planet4-blocks/counter\\" data-attributes=\\"{&quot;attributes&quot;:{&quot;title&quot;:&quot;Progress Bar counter block&quot;,&quot;description&quot;:&quot;Test description&quot;,&quot;completed&quot;:70,&quot;completed_api&quot;:&quot;&quot;,&quot;target&quot;:100,&quot;text&quot;:&quot;%completed% out of %target%, %remaining% remaining&quot;,&quot;style&quot;:&quot;&quot;,&quot;className&quot;:&quot;is-style-bar&quot;},&quot;innerBlocks&quot;:[]}\\"></div>
<!-- /wp:planet4-blocks/counter -->"
`;

exports[`Counter block with Progress Dial 1`] = `
"<!-- wp:planet4-blocks/counter {\\"title\\":\\"Progress Dial counter block\\",\\"description\\":\\"Test description\\",\\"completed\\":75,\\"target\\":100,\\"text\\":\\"%completed% out of %target%, %remaining% remaining\\",\\"className\\":\\"is-style-arc\\"} -->
<div class=\\"wp-block-planet4-blocks-counter is-style-arc\\" data-render=\\"planet4-blocks/counter\\" data-attributes=\\"{&quot;attributes&quot;:{&quot;title&quot;:&quot;Progress Dial counter block&quot;,&quot;description&quot;:&quot;Test description&quot;,&quot;completed&quot;:75,&quot;completed_api&quot;:&quot;&quot;,&quot;target&quot;:100,&quot;text&quot;:&quot;%completed% out of %target%, %remaining% remaining&quot;,&quot;style&quot;:&quot;&quot;,&quot;className&quot;:&quot;is-style-arc&quot;},&quot;innerBlocks&quot;:[]}\\"></div>
<!-- /wp:planet4-blocks/counter -->"
`;

exports[`Counter block with text only style 1`] = `
"<!-- wp:planet4-blocks/counter {\\"title\\":\\"Text only counter block\\",\\"description\\":\\"Test description\\",\\"completed\\":60,\\"target\\":100,\\"text\\":\\"%completed% out of %target%, %remaining% remaining\\",\\"className\\":\\"is-style-plain\\"} -->
<div class=\\"wp-block-planet4-blocks-counter is-style-plain\\" data-render=\\"planet4-blocks/counter\\" data-attributes=\\"{&quot;attributes&quot;:{&quot;title&quot;:&quot;Text only counter block&quot;,&quot;description&quot;:&quot;Test description&quot;,&quot;completed&quot;:60,&quot;completed_api&quot;:&quot;&quot;,&quot;target&quot;:100,&quot;text&quot;:&quot;%completed% out of %target%, %remaining% remaining&quot;,&quot;style&quot;:&quot;&quot;,&quot;className&quot;:&quot;is-style-plain&quot;},&quot;innerBlocks&quot;:[]}\\"></div>
<!-- /wp:planet4-blocks/counter -->"
`;
